
> db@0.1.0 build
> next build

node.exe : ÔÜá Warning: 
Next.js inferred your 
workspace root, but it may 
not be correct.
At line:1 char:1
+ & "C:\Program 
Files\nodejs/node.exe" 
"C:\Program 
Files\nodejs/node_mo ...
+ ~~~~~~~~~~~~~~~~~~~~~~~~~~~
~~~~~~~~~~~~~~~~~~~~~~~~~~~~~
~~~~~~~~~~~~~
    + CategoryInfo           
   : NotSpecified: (ÔÜá War  
  ning: Ne...not be correc   
 t.:String) [], RemoteExc    
eption
    + FullyQualifiedErrorId  
   : NativeCommandError
 
 We detected multiple 
lockfiles and selected the 
directory of D:\Desktop\tedx\
actual\package-lock.json as 
the root directory.
 To silence this warning, 
set `turbopack.root` in your 
Next.js config, or consider 
removing one of the 
lockfiles if it's not needed.
   See https://nextjs.org/doc
s/app/api-reference/config/ne
xt-config-js/turbopack#root-d
irectory for more 
information.
 Detected additional 
lockfiles: 
   * D:\Desktop\tedx\actual\T
EDx-VIT\package-lock.json

Ôû▓ Next.js 16.1.6 (Turbopack)
- Environments: .env.local

ÔÜá The "middleware" file 
convention is deprecated. 
Please use "proxy" instead. 
Learn more: https://nextjs.or
g/docs/messages/middleware-to
-proxy
  Running TypeScript ...
  Creating an optimized production build ...
Ô£ô Compiled successfully in 3.5s
  Collecting page data using 7 workers ...

> Build error occurred
Error: The file 
"./middleware.js" must 
export a function, either as 
a default export or as a 
named "middleware" export.
This function is what 
Next.js runs for every 
request handled by this 
middleware.

Why this happens:
- The file exists but 
doesn't export a function.
- The export is not a 
function (e.g., an object or 
constant).
- There's a syntax error 
preventing the export from 
being recognized.

To fix it:
- Ensure this file has 
either a default or 
"middleware" function export.

Learn more: https://nextjs.or
g/docs/messages/middleware-to
-proxy
    at ignore-listed frames
